  Determining projects to restore...
C:\Users\Mohammed\source\repos\HIS\src\test\HIS.Application.Tests\HIS.Application.Tests.csproj : warning NU1903: Package 'AutoMapper' 14.0.0 has a known high severity vulnerability, https://github.com/advisories/GHSA-rvv3-g6hj-g44x
C:\Users\Mohammed\source\repos\HIS\src\src\HIS.Application\HIS.Application.csproj : warning NU1903: Package 'AutoMapper' 14.0.0 has a known high severity vulnerability, https://github.com/advisories/GHSA-rvv3-g6hj-g44x [C:\Users\Mohammed\source\repos\HIS\src\test\HIS.Application.Tests\HIS.Application.Tests.csproj]
  All projects are up-to-date for restore.
C:\Users\Mohammed\source\repos\HIS\src\test\HIS.Application.Tests\HIS.Application.Tests.csproj : warning NU1903: Package 'AutoMapper' 14.0.0 has a known high severity vulnerability, https://github.com/advisories/GHSA-rvv3-g6hj-g44x
C:\Users\Mohammed\source\repos\HIS\src\src\HIS.Application\HIS.Application.csproj : warning NU1903: Package 'AutoMapper' 14.0.0 has a known high severity vulnerability, https://github.com/advisories/GHSA-rvv3-g6hj-g44x
  HIS.Domain.Shared -> C:\Users\Mohammed\source\repos\HIS\src\src\HIS.Domain.Shared\bin\Debug\net10.0\HIS.Domain.Shared.dll
  HIS.TestBase -> C:\Users\Mohammed\source\repos\HIS\src\test\HIS.TestBase\bin\Debug\net10.0\HIS.TestBase.dll
  HIS.Domain -> C:\Users\Mohammed\source\repos\HIS\src\src\HIS.Domain\bin\Debug\net10.0\HIS.Domain.dll
  HIS.Application.Contracts -> C:\Users\Mohammed\source\repos\HIS\src\src\HIS.Application.Contracts\bin\Debug\net10.0\HIS.Application.Contracts.dll
  HIS.Application -> C:\Users\Mohammed\source\repos\HIS\src\src\HIS.Application\bin\Debug\net10.0\HIS.Application.dll
  HIS.Domain.Tests -> C:\Users\Mohammed\source\repos\HIS\src\test\HIS.Domain.Tests\bin\Debug\net10.0\HIS.Domain.Tests.dll
C:\Users\Mohammed\source\repos\HIS\src\test\HIS.Application.Tests\Pricing\PriceListAppServiceTests.cs(4,7): warning CS0105: The using directive for 'HIS.Pricing' appeared previously in this namespace [C:\Users\Mohammed\source\repos\HIS\src\test\HIS.Application.Tests\HIS.Application.Tests.csproj]
C:\Users\Mohammed\source\repos\HIS\src\test\HIS.Application.Tests\Reports\InsuranceClaimReportAppServiceTests.cs(45,29): warning SYSLIB0050: 'FormatterServices' is obsolete: 'Formatter-based serialization is obsolete and should not be used.' (https://aka.ms/dotnet-warnings/SYSLIB0050) [C:\Users\Mohammed\source\repos\HIS\src\test\HIS.Application.Tests\HIS.Application.Tests.csproj]
C:\Users\Mohammed\source\repos\HIS\src\test\HIS.Application.Tests\Reports\UserFinancialReportAppServiceTests.cs(44,29): warning SYSLIB0050: 'FormatterServices' is obsolete: 'Formatter-based serialization is obsolete and should not be used.' (https://aka.ms/dotnet-warnings/SYSLIB0050) [C:\Users\Mohammed\source\repos\HIS\src\test\HIS.Application.Tests\HIS.Application.Tests.csproj]
C:\Users\Mohammed\source\repos\HIS\src\test\HIS.Application.Tests\Accounting\PaymentVoucherAppServiceTests.cs(46,32): warning CS8602: Dereference of a possibly null reference. [C:\Users\Mohammed\source\repos\HIS\src\test\HIS.Application.Tests\HIS.Application.Tests.csproj]
C:\Users\Mohammed\source\repos\HIS\src\test\HIS.Application.Tests\Billing\BillingAppServiceTests.cs(57,29): warning CS8600: Converting null literal or possible null value to non-nullable type. [C:\Users\Mohammed\source\repos\HIS\src\test\HIS.Application.Tests\HIS.Application.Tests.csproj]
C:\Users\Mohammed\source\repos\HIS\src\test\HIS.Application.Tests\Settings\DoctorRevenueReportAppServiceTests.cs(73,41): warning CS8600: Converting null literal or possible null value to non-nullable type. [C:\Users\Mohammed\source\repos\HIS\src\test\HIS.Application.Tests\HIS.Application.Tests.csproj]
C:\Users\Mohammed\source\repos\HIS\src\test\HIS.Application.Tests\Settings\DoctorRevenueReportAppServiceTests.cs(88,9): warning CS8602: Dereference of a possibly null reference. [C:\Users\Mohammed\source\repos\HIS\src\test\HIS.Application.Tests\HIS.Application.Tests.csproj]
C:\Users\Mohammed\source\repos\HIS\src\test\HIS.Application.Tests\Accounting\JournalEntryAppServiceTests.cs(39,25): warning CS8602: Dereference of a possibly null reference. [C:\Users\Mohammed\source\repos\HIS\src\test\HIS.Application.Tests\HIS.Application.Tests.csproj]
C:\Users\Mohammed\source\repos\HIS\src\test\HIS.Application.Tests\Settings\DoctorRevenueReportAppServiceTests.cs(98,41): warning CS8600: Converting null literal or possible null value to non-nullable type. [C:\Users\Mohammed\source\repos\HIS\src\test\HIS.Application.Tests\HIS.Application.Tests.csproj]
C:\Users\Mohammed\source\repos\HIS\src\test\HIS.Application.Tests\Accounting\ReceiptVoucherAppServiceTests.cs(53,32): warning CS8602: Dereference of a possibly null reference. [C:\Users\Mohammed\source\repos\HIS\src\test\HIS.Application.Tests\HIS.Application.Tests.csproj]
C:\Users\Mohammed\source\repos\HIS\src\test\HIS.Application.Tests\Accounting\JournalEntryAppServiceTests.cs(77,25): warning CS8602: Dereference of a possibly null reference. [C:\Users\Mohammed\source\repos\HIS\src\test\HIS.Application.Tests\HIS.Application.Tests.csproj]
C:\Users\Mohammed\source\repos\HIS\src\test\HIS.Application.Tests\Reports\InsuranceClaimReportAppServiceTests.cs(91,26): error CS1061: 'InvoiceItem' does not contain a definition for 'DepartmentName' and no accessible extension method 'DepartmentName' accepting a first argument of type 'InvoiceItem' could be found (are you missing a using directive or an assembly reference?) [C:\Users\Mohammed\source\repos\HIS\src\test\HIS.Application.Tests\HIS.Application.Tests.csproj]
C:\Users\Mohammed\source\repos\HIS\src\test\HIS.Application.Tests\Reports\InsuranceClaimReportAppServiceTests.cs(92,26): error CS1061: 'InvoiceItem' does not contain a definition for 'ServiceName' and no accessible extension method 'ServiceName' accepting a first argument of type 'InvoiceItem' could be found (are you missing a using directive or an assembly reference?) [C:\Users\Mohammed\source\repos\HIS\src\test\HIS.Application.Tests\HIS.Application.Tests.csproj]
C:\Users\Mohammed\source\repos\HIS\src\test\HIS.Application.Tests\Reports\InsuranceClaimReportAppServiceTests.cs(93,26): error CS1061: 'InvoiceItem' does not contain a definition for 'Price' and no accessible extension method 'Price' accepting a first argument of type 'InvoiceItem' could be found (are you missing a using directive or an assembly reference?) [C:\Users\Mohammed\source\repos\HIS\src\test\HIS.Application.Tests\HIS.Application.Tests.csproj]
C:\Users\Mohammed\source\repos\HIS\src\test\HIS.Application.Tests\Reports\InsuranceClaimReportAppServiceTests.cs(94,26): error CS1061: 'InvoiceItem' does not contain a definition for 'PatientCoPay' and no accessible extension method 'PatientCoPay' accepting a first argument of type 'InvoiceItem' could be found (are you missing a using directive or an assembly reference?) [C:\Users\Mohammed\source\repos\HIS\src\test\HIS.Application.Tests\HIS.Application.Tests.csproj]
C:\Users\Mohammed\source\repos\HIS\src\test\HIS.Application.Tests\Reports\InsuranceClaimReportAppServiceTests.cs(95,26): error CS1061: 'InvoiceItem' does not contain a definition for 'InsuranceCoverage' and no accessible extension method 'InsuranceCoverage' accepting a first argument of type 'InvoiceItem' could be found (are you missing a using directive or an assembly reference?) [C:\Users\Mohammed\source\repos\HIS\src\test\HIS.Application.Tests\HIS.Application.Tests.csproj]
C:\Users\Mohammed\source\repos\HIS\src\test\HIS.Application.Tests\Reports\InsuranceClaimReportAppServiceTests.cs(97,26): error CS1061: 'InvoiceItem' does not contain a definition for 'DiagnosisCode' and no accessible extension method 'DiagnosisCode' accepting a first argument of type 'InvoiceItem' could be found (are you missing a using directive or an assembly reference?) [C:\Users\Mohammed\source\repos\HIS\src\test\HIS.Application.Tests\HIS.Application.Tests.csproj]
C:\Users\Mohammed\source\repos\HIS\src\test\HIS.Application.Tests\Reports\InsuranceClaimReportAppServiceTests.cs(104,13): warning CS8620: Argument of type 'Task<PatientInsurance?>' cannot be used for parameter 'value' of type 'Task<PatientInsurance>' in 'ConfiguredCall SubstituteExtensions.Returns<Task<PatientInsurance>>(Task<PatientInsurance> value, Task<PatientInsurance>? returnThis, params Task<PatientInsurance>?[] returnThese)' due to differences in the nullability of reference types. [C:\Users\Mohammed\source\repos\HIS\src\test\HIS.Application.Tests\HIS.Application.Tests.csproj]
C:\Users\Mohammed\source\repos\HIS\src\test\HIS.Application.Tests\Reports\InsuranceClaimReportAppServiceTests.cs(105,13): warning CS8620: Argument of type 'Task<InsurancePlan?>' cannot be used for parameter 'value' of type 'Task<InsurancePlan>' in 'ConfiguredCall SubstituteExtensions.Returns<Task<InsurancePlan>>(Task<InsurancePlan> value, Task<InsurancePlan>? returnThis, params Task<InsurancePlan>?[] returnThese)' due to differences in the nullability of reference types. [C:\Users\Mohammed\source\repos\HIS\src\test\HIS.Application.Tests\HIS.Application.Tests.csproj]
C:\Users\Mohammed\source\repos\HIS\src\test\HIS.Application.Tests\Reports\InsuranceClaimReportAppServiceTests.cs(106,13): warning CS8620: Argument of type 'Task<InsuranceCompany?>' cannot be used for parameter 'value' of type 'Task<InsuranceCompany>' in 'ConfiguredCall SubstituteExtensions.Returns<Task<InsuranceCompany>>(Task<InsuranceCompany> value, Task<InsuranceCompany>? returnThis, params Task<InsuranceCompany>?[] returnThese)' due to differences in the nullability of reference types. [C:\Users\Mohammed\source\repos\HIS\src\test\HIS.Application.Tests\HIS.Application.Tests.csproj]
C:\Users\Mohammed\source\repos\HIS\src\test\HIS.Application.Tests\Reports\InsuranceClaimReportAppServiceTests.cs(107,13): warning CS8620: Argument of type 'Task<Patient?>' cannot be used for parameter 'value' of type 'Task<Patient>' in 'ConfiguredCall SubstituteExtensions.Returns<Task<Patient>>(Task<Patient> value, Task<Patient>? returnThis, params Task<Patient>?[] returnThese)' due to differences in the nullability of reference types. [C:\Users\Mohammed\source\repos\HIS\src\test\HIS.Application.Tests\HIS.Application.Tests.csproj]
C:\Users\Mohammed\source\repos\HIS\src\test\HIS.Application.Tests\Inventory\PurchaseOrderAppServiceTests.cs(62,35): warning CS8600: Converting null literal or possible null value to non-nullable type. [C:\Users\Mohammed\source\repos\HIS\src\test\HIS.Application.Tests\HIS.Application.Tests.csproj]
C:\Users\Mohammed\source\repos\HIS\src\test\HIS.Application.Tests\Accounting\JournalEntryAppServiceTests.cs(118,22): warning CS8602: Dereference of a possibly null reference. [C:\Users\Mohammed\source\repos\HIS\src\test\HIS.Application.Tests\HIS.Application.Tests.csproj]
C:\Users\Mohammed\source\repos\HIS\src\test\HIS.Application.Tests\Accounting\JournalEntryAppServiceTests.cs(119,23): warning CS8602: Dereference of a possibly null reference. [C:\Users\Mohammed\source\repos\HIS\src\test\HIS.Application.Tests\HIS.Application.Tests.csproj]
C:\Users\Mohammed\source\repos\HIS\src\test\HIS.Application.Tests\Inventory\PurchaseInvoiceAppServiceTests.cs(104,37): warning CS8600: Converting null literal or possible null value to non-nullable type. [C:\Users\Mohammed\source\repos\HIS\src\test\HIS.Application.Tests\HIS.Application.Tests.csproj]
C:\Users\Mohammed\source\repos\HIS\src\test\HIS.Application.Tests\Reports\InsuranceClaimReportAppServiceTests.cs(169,13): warning CS8620: Argument of type 'Task<PatientInsurance?>' cannot be used for parameter 'value' of type 'Task<PatientInsurance>' in 'ConfiguredCall SubstituteExtensions.Returns<Task<PatientInsurance>>(Task<PatientInsurance> value, Task<PatientInsurance>? returnThis, params Task<PatientInsurance>?[] returnThese)' due to differences in the nullability of reference types. [C:\Users\Mohammed\source\repos\HIS\src\test\HIS.Application.Tests\HIS.Application.Tests.csproj]
C:\Users\Mohammed\source\repos\HIS\src\test\HIS.Application.Tests\Reports\InsuranceClaimReportAppServiceTests.cs(170,13): warning CS8620: Argument of type 'Task<InsurancePlan?>' cannot be used for parameter 'value' of type 'Task<InsurancePlan>' in 'ConfiguredCall SubstituteExtensions.Returns<Task<InsurancePlan>>(Task<InsurancePlan> value, Task<InsurancePlan>? returnThis, params Task<InsurancePlan>?[] returnThese)' due to differences in the nullability of reference types. [C:\Users\Mohammed\source\repos\HIS\src\test\HIS.Application.Tests\HIS.Application.Tests.csproj]
C:\Users\Mohammed\source\repos\HIS\src\test\HIS.Application.Tests\Reports\InsuranceClaimReportAppServiceTests.cs(171,13): warning CS8620: Argument of type 'Task<InsuranceCompany?>' cannot be used for parameter 'value' of type 'Task<InsuranceCompany>' in 'ConfiguredCall SubstituteExtensions.Returns<Task<InsuranceCompany>>(Task<InsuranceCompany> value, Task<InsuranceCompany>? returnThis, params Task<InsuranceCompany>?[] returnThese)' due to differences in the nullability of reference types. [C:\Users\Mohammed\source\repos\HIS\src\test\HIS.Application.Tests\HIS.Application.Tests.csproj]
C:\Users\Mohammed\source\repos\HIS\src\test\HIS.Application.Tests\Reports\InsuranceClaimReportAppServiceTests.cs(172,13): warning CS8620: Argument of type 'Task<Patient?>' cannot be used for parameter 'value' of type 'Task<Patient>' in 'ConfiguredCall SubstituteExtensions.Returns<Task<Patient>>(Task<Patient> value, Task<Patient>? returnThis, params Task<Patient>?[] returnThese)' due to differences in the nullability of reference types. [C:\Users\Mohammed\source\repos\HIS\src\test\HIS.Application.Tests\HIS.Application.Tests.csproj]
C:\Users\Mohammed\source\repos\HIS\src\test\HIS.Application.Tests\Billing\BillingAppServiceTests.cs(179,29): warning CS8600: Converting null literal or possible null value to non-nullable type. [C:\Users\Mohammed\source\repos\HIS\src\test\HIS.Application.Tests\HIS.Application.Tests.csproj]
C:\Users\Mohammed\source\repos\HIS\src\test\HIS.Application.Tests\Billing\BillingAppServiceTests.cs(204,87): warning CS8602: Dereference of a possibly null reference. [C:\Users\Mohammed\source\repos\HIS\src\test\HIS.Application.Tests\HIS.Application.Tests.csproj]
C:\Users\Mohammed\source\repos\HIS\src\test\HIS.Application.Tests\Inventory\InternalRequestAppServiceTests.cs(126,37): warning CS8600: Converting null literal or possible null value to non-nullable type. [C:\Users\Mohammed\source\repos\HIS\src\test\HIS.Application.Tests\HIS.Application.Tests.csproj]
C:\Users\Mohammed\source\repos\HIS\src\test\HIS.Application.Tests\Inventory\PurchaseOrderAppServiceTests.cs(103,34): warning CS8600: Converting null literal or possible null value to non-nullable type. [C:\Users\Mohammed\source\repos\HIS\src\test\HIS.Application.Tests\HIS.Application.Tests.csproj]
C:\Users\Mohammed\source\repos\HIS\src\test\HIS.Application.Tests\Inventory\PurchaseOrderAppServiceTests.cs(120,43): warning CS8600: Converting null literal or possible null value to non-nullable type. [C:\Users\Mohammed\source\repos\HIS\src\test\HIS.Application.Tests\HIS.Application.Tests.csproj]
C:\Users\Mohammed\source\repos\HIS\src\test\HIS.Application.Tests\Inventory\PurchaseOrderAppServiceTests.cs(123,79): warning CS8602: Dereference of a possibly null reference. [C:\Users\Mohammed\source\repos\HIS\src\test\HIS.Application.Tests\HIS.Application.Tests.csproj]
C:\Users\Mohammed\source\repos\HIS\src\test\HIS.Application.Tests\Inventory\PurchaseInvoiceAppServiceTests.cs(134,38): warning CS8600: Converting null literal or possible null value to non-nullable type. [C:\Users\Mohammed\source\repos\HIS\src\test\HIS.Application.Tests\HIS.Application.Tests.csproj]
C:\Users\Mohammed\source\repos\HIS\src\test\HIS.Application.Tests\Inventory\PurchaseInvoiceAppServiceTests.cs(153,63): warning CS8602: Dereference of a possibly null reference. [C:\Users\Mohammed\source\repos\HIS\src\test\HIS.Application.Tests\HIS.Application.Tests.csproj]
C:\Users\Mohammed\source\repos\HIS\src\test\HIS.Application.Tests\Inventory\PurchaseInvoiceAppServiceTests.cs(159,75): warning CS8602: Dereference of a possibly null reference. [C:\Users\Mohammed\source\repos\HIS\src\test\HIS.Application.Tests\HIS.Application.Tests.csproj]
C:\Users\Mohammed\source\repos\HIS\src\test\HIS.Application.Tests\Inventory\InventoryCountAppServiceTests.cs(102,36): warning CS8600: Converting null literal or possible null value to non-nullable type. [C:\Users\Mohammed\source\repos\HIS\src\test\HIS.Application.Tests\HIS.Application.Tests.csproj]
C:\Users\Mohammed\source\repos\HIS\src\test\HIS.Application.Tests\Billing\BillingAppServiceTests.cs(231,44): warning CS8600: Converting null literal or possible null value to non-nullable type. [C:\Users\Mohammed\source\repos\HIS\src\test\HIS.Application.Tests\HIS.Application.Tests.csproj]
C:\Users\Mohammed\source\repos\HIS\src\test\HIS.Application.Tests\Reports\UserFinancialReportAppServiceTests.cs(103,13): warning CS8620: Argument of type 'Task<IdentityUser?>' cannot be used for parameter 'value' of type 'Task<IdentityUser>' in 'ConfiguredCall SubstituteExtensions.Returns<Task<IdentityUser>>(Task<IdentityUser> value, Task<IdentityUser>? returnThis, params Task<IdentityUser>?[] returnThese)' due to differences in the nullability of reference types. [C:\Users\Mohammed\source\repos\HIS\src\test\HIS.Application.Tests\HIS.Application.Tests.csproj]
C:\Users\Mohammed\source\repos\HIS\src\test\HIS.Application.Tests\Inventory\InventoryCountAppServiceTests.cs(136,35): warning CS8600: Converting null literal or possible null value to non-nullable type. [C:\Users\Mohammed\source\repos\HIS\src\test\HIS.Application.Tests\HIS.Application.Tests.csproj]
C:\Users\Mohammed\source\repos\HIS\src\test\HIS.Application.Tests\Inventory\InventoryCountAppServiceTests.cs(146,25): warning CS8602: Dereference of a possibly null reference. [C:\Users\Mohammed\source\repos\HIS\src\test\HIS.Application.Tests\HIS.Application.Tests.csproj]
C:\Users\Mohammed\source\repos\HIS\src\test\HIS.Application.Tests\Inventory\InventoryCountAppServiceTests.cs(172,13): warning CS8602: Dereference of a possibly null reference. [C:\Users\Mohammed\source\repos\HIS\src\test\HIS.Application.Tests\HIS.Application.Tests.csproj]
C:\Users\Mohammed\source\repos\HIS\src\test\HIS.Application.Tests\Inventory\InventoryTransferTests.cs(172,13): warning CS8602: Dereference of a possibly null reference. [C:\Users\Mohammed\source\repos\HIS\src\test\HIS.Application.Tests\HIS.Application.Tests.csproj]
C:\Users\Mohammed\source\repos\HIS\src\test\HIS.Application.Tests\Inventory\InventoryCountAppServiceTests.cs(190,35): warning CS8600: Converting null literal or possible null value to non-nullable type. [C:\Users\Mohammed\source\repos\HIS\src\test\HIS.Application.Tests\HIS.Application.Tests.csproj]
C:\Users\Mohammed\source\repos\HIS\src\test\HIS.Application.Tests\Inventory\InventoryCountAppServiceTests.cs(200,25): warning CS8602: Dereference of a possibly null reference. [C:\Users\Mohammed\source\repos\HIS\src\test\HIS.Application.Tests\HIS.Application.Tests.csproj]
C:\Users\Mohammed\source\repos\HIS\src\test\HIS.Application.Tests\Inventory\InventoryCountAppServiceTests.cs(226,13): warning CS8602: Dereference of a possibly null reference. [C:\Users\Mohammed\source\repos\HIS\src\test\HIS.Application.Tests\HIS.Application.Tests.csproj]
C:\Users\Mohammed\source\repos\HIS\src\test\HIS.Application.Tests\Inventory\InternalRequestAppServiceTests.cs(364,40): warning CS8600: Converting null literal or possible null value to non-nullable type. [C:\Users\Mohammed\source\repos\HIS\src\test\HIS.Application.Tests\HIS.Application.Tests.csproj]
C:\Users\Mohammed\source\repos\HIS\src\test\HIS.Application.Tests\Inventory\InternalRequestAppServiceTests.cs(526,79): warning CS8600: Converting null literal or possible null value to non-nullable type. [C:\Users\Mohammed\source\repos\HIS\src\test\HIS.Application.Tests\HIS.Application.Tests.csproj]
C:\Users\Mohammed\source\repos\HIS\src\test\HIS.Application.Tests\Inventory\InternalRequestAppServiceTests.cs(616,42): warning CS8600: Converting null literal or possible null value to non-nullable type. [C:\Users\Mohammed\source\repos\HIS\src\test\HIS.Application.Tests\HIS.Application.Tests.csproj]
